[www.hushbb.nl/index.html]
[backblue.gif]
[fade.gif]
[index.html]
[website.roomraccoon.com/js/lib/jquery-2.x-git.min.js]
[website.roomraccoon.com/js/xprs_helper1d5b.js]
[website.roomraccoon.com/all_js1d5b.js]
[website.roomraccoon.com/js/lib/touchswipe/jquery.mobile.custom.min.js]
[www.hushbb.nl/bruiloft.html]
[www.hushbb.nl/apartment.html]
[www.hushbb.nl/cottage.html]
[www.hushbb.nl/poolhouse-1-en-2.html]
[website.roomraccoon.com/images/socialmedia/8instagram.png]
[website.roomraccoon.com/images/socialmedia/8facebook.png]
[website.roomraccoon.com/images/socialmedia/8email.png]
[website.roomraccoon.com/images/socialmedia/8phone.png]
[www.hushbb.nl/boekingsvoorwaarden.html]
[www.hushbb.nl/privacyverklaring.html]
[website.roomraccoon.com/js/lightbox1d5b.js]
[website.roomraccoon.com/js/spimeengine1d5b.js]
[www.hushbb.nl/index.html]
[www.hushbb.nl/images/backgrounds/1.html]
[www.hushbb.nl/images/x_loader.html]
[www.hushbb.nl/images/ui_icons/tooltip_circle.html]
[www.hushbb.nl/images/ui_icons/tooltip_top_left.html]
[www.hushbb.nl/images/ui_icons/tooltip_bottom_left.html]
[www.hushbb.nl/images/ui_icons/tooltip_top_right.html]
[www.hushbb.nl/images/ui_icons/tooltip_bottom_right.html]
[website.roomraccoon.com/css/fonts1d5b.css]
[www.hushbb.nl/images/ui_icons/menu_ico.html]
[www.hushbb.nl/bruiloft.html]
[www.hushbb.nl/complete-poolhouse.html]
[www.hushbb.nl/apartment.html]
[www.hushbb.nl/bb-kamers.html]
[www.hushbb.nl/cottage.html]
[www.hushbb.nl/poolhouse-1-en-2.html]
[www.hushbb.nl/boekingsvoorwaarden.html]
[www.hushbb.nl/privacyverklaring.html]
[website.roomraccoon.com/css/effects1d5b.css]
[website.roomraccoon.com/css/lightbox1d5b.css]
[www.hushbb.nl/vbid-e1995-fmcwmrci.html]
[www.hushbb.nl/disclaimer.html]
[www.hushbb.nl/complete-poolhouse.html]
[www.hushbb.nl/;path=/index.html]
[www.hushbb.nl/vbid-e1995-jywrzskn.html]
[www.hushbb.nl/vbid-e1995-ahtuhb9a.html]
[www.hushbb.nl/bb-kamers.html]
[www.hushbb.nl/vbid-e1995-bewngnc3.html]
[www.hushbb.nl/vbid-e1995-t3z00xdb.html]
[www.hushbb.nl/vbid-e1995-4owr48ed.html]
[www.hushbb.nl/vbid-e1c294f7-62bhuzxf.html]
[www.hushbb.nl/vbid-e1995-19examtg.html]
[www.hushbb.nl/vbid-e1995-ddoziatc.html]
[www.hushbb.nl/vbid-e1995-m7x4qar8.html]
[www.hushbb.nl/vbid-e1995-n0app1es.html]
[www.hushbb.nl/vbid-e1995-jmjwj6bu.html]
[www.hushbb.nl/vbid-e1995-jfpixuej.html]
[www.hushbb.nl/vbid-e1995-5pd8gggr.html]
[www.hushbb.nl/disclaimer.html]
[www.hushbb.nl/vbid-e1995-zfegsc9r.html]
[www.hushbb.nl/vbid-82d60526-mcxff0m2.html]
[www.hushbb.nl/vbid-e1995-pk0vx3rs.html]
[www.hushbb.nl/vbid-e1995-tnrk4bb6.html]
[www.hushbb.nl/vbid-e1995-pbdv3ohg.html]
[www.hushbb.nl/hush-room.html]
[www.hushbb.nl/hush-room.html]
[www.hushbb.nl/vbid-e1995-2ae23ml0.html]
[www.hushbb.nl/vbid-e1995-rgawjvft.html]
[www.hushbb.nl/vbid-e1995-kho32rnt.html]
[www.hushbb.nl/vbid-e1995-prj4bixe.html]
[www.hushbb.nl/vbid-06ea52e9-zf6teos9.html]
